// 同步 ID: 6ed0421f @ Mon Jul 20 15:55:16 UTC 2026
// 同步 ID: 4496d21a @ Tue Jul 21 01:13:16 UTC 2026
// 重构日志: b547377f
// 同步 ID: 5444b86f @ Wed Jul 22 04:36:44 UTC 2026
// 同步 ID: 444ef424 @ Fri Jul 24 00:28:36 UTC 2026
// 同步 ID: a4bb0437 @ Fri Jul 24 10:00:35 UTC 2026
// 重构日志: 724605d1
// 重构日志: 24a5d54e
// 同步 ID: 85bcfa61 @ Sat Jul 25 04:19:42 UTC 2026
// 同步 ID: 19747b83 @ Sat Jul 25 07:30:00 UTC 2026
// 同步 ID: 7d3ba85b @ Sat Jul 25 09:47:17 UTC 2026
// 同步 ID: 01ceabc9 @ Sat Jul 25 13:06:26 UTC 2026
// 重构日志: e995a758
// 重构日志: 94b1da2c
// 同步 ID: f9d4876d @ Sun Jul 26 17:54:31 UTC 2026
// 重构日志: e637c8d2
// 同步 ID: c60e6f71 @ Mon Jul 27 08:05:06 UTC 2026
// 同步 ID: 971c3bf4 @ Mon Jul 27 17:59:55 UTC 2026
// 重构日志: 2e9a01d0
// 同步 ID: f40431f4 @ Tue Jul 28 10:18:24 UTC 2026
// 重构日志: 392ea65c
// 重构日志: 897904f2
// 重构日志: 30c2fd0f
// 同步 ID: 1dce4662 @ Fri Jul 31 18:33:59 UTC 2026
// 重构日志: 7bc05506
// 重构日志: 42983fb5
// 同步 ID: ae7093b5 @ Sat Aug  1 14:21:57 UTC 2026
// 重构日志: 8f173e4a
// 重构日志: bce87e55
// 同步 ID: 320c0511 @ Sun Aug  2 15:53:11 UTC 2026
// 重构日志: 1181d8c8
// 重构日志: 0a9ec34c
// 重构日志: 54231607
